#-----------------------------------------------------------
# Vivado v2025.1 (64-bit)
# SW Build 6140274 on Wed May 21 22:58:25 MDT 2025
# IP Build 6138677 on Thu May 22 03:10:11 MDT 2025
# SharedData Build 6139179 on Tue May 20 17:58:58 MDT 2025
# Start of session at: Tue Jun 17 13:42:01 2025
# Process ID         : 354365
# Current directory  : /home/mati/Documents/pul/project_1.runs/synth_1
# Command line       : vivado -log main.vds -product Vivado -mode batch -messageDb vivado.pb -notrace -source main.tcl
# Log file           : /home/mati/Documents/pul/project_1.runs/synth_1/main.vds
# Journal file       : /home/mati/Documents/pul/project_1.runs/synth_1/vivado.jou
# Running On         : temp-mati
# Platform           : Linuxmint
# Operating System   : Linux Mint 22.1
# Processor Detail   : 13th Gen Intel(R) Core(TM) i7-13620H
# CPU Frequency      : 3655.221 MHz
# CPU Physical cores : 10
# CPU Logical cores  : 16
# Host memory        : 33258 MB
# Swap memory        : 2147 MB
# Total Virtual      : 35405 MB
# Available Virtual  : 28573 MB
#-----------------------------------------------------------
source main.tcl -notrace
