Copyright 1986-2022 Xilinx, Inc. All Rights Reserved. Copyright 2022-2024 Advanced Micro Devices, Inc. All Rights Reserved.
---------------------------------------------------------------------------------------------------------------------------------------------
| Tool Version : Vivado v.2024.2 (win64) Build 5239630 Fri Nov 08 22:35:27 MST 2024
| Date         : Thu Jun 12 14:54:11 2025
| Host         : TEMP-MATI running 64-bit major release  (build 9200)
| Command      : report_control_sets -verbose -file main_control_sets_placed.rpt
| Design       : main
| Device       : xc7a35ti
---------------------------------------------------------------------------------------------------------------------------------------------

Control Set Information

Table of Contents
-----------------
1. Summary
2. Histogram
3. Flip-Flop Distribution
4. Detailed Control Set Information

1. Summary
----------

+----------------------------------------------------------+-------+
|                          Status                          | Count |
+----------------------------------------------------------+-------+
| Total control sets                                       |    14 |
|    Minimum number of control sets                        |    14 |
|    Addition due to synthesis replication                 |     0 |
|    Addition due to physical synthesis replication        |     0 |
| Unused register locations in slices containing registers |    54 |
+----------------------------------------------------------+-------+
* Control sets can be merged at opt_design using control_set_merge or merge_equivalent_drivers
** Run report_qor_suggestions for automated merging and remapping suggestions


2. Histogram
------------

+--------------------+-------+
|       Fanout       | Count |
+--------------------+-------+
| Total control sets |    14 |
| >= 0 to < 4        |     3 |
| >= 4 to < 6        |     6 |
| >= 6 to < 8        |     3 |
| >= 8 to < 10       |     0 |
| >= 10 to < 12      |     0 |
| >= 12 to < 14      |     0 |
| >= 14 to < 16      |     0 |
| >= 16              |     2 |
+--------------------+-------+
* Control sets can be remapped at either synth_design or opt_design


3. Flip-Flop Distribution
-------------------------

+--------------+-----------------------+------------------------+-----------------+--------------+
| Clock Enable | Synchronous Set/Reset | Asynchronous Set/Reset | Total Registers | Total Slices |
+--------------+-----------------------+------------------------+-----------------+--------------+
| No           | No                    | No                     |               7 |            4 |
| No           | No                    | Yes                    |               0 |            0 |
| No           | Yes                   | No                     |              49 |           13 |
| Yes          | No                    | No                     |              13 |            4 |
| Yes          | No                    | Yes                    |              29 |           11 |
| Yes          | Yes                   | No                     |               0 |            0 |
+--------------+-----------------------+------------------------+-----------------+--------------+


4. Detailed Control Set Information
-----------------------------------

+------------------------+------------------------------+--------------------------------+------------------+----------------+--------------+
|      Clock Signal      |         Enable Signal        |        Set/Reset Signal        | Slice Load Count | Bel Load Count | Bels / Slice |
+------------------------+------------------------------+--------------------------------+------------------+----------------+--------------+
|  state_reg[4]_i_3_n_0  |                              |                                |                1 |              1 |         1.00 |
|  state_reg[4]_i_3_n_0  | U2/LCD_E_i_1_n_0             | debouncer_inst/pulse_out       |                1 |              1 |         1.00 |
|  state_reg[4]_i_3_n_0  | U2/LCD_RS_i_1_n_0            | debouncer_inst/pulse_out       |                1 |              1 |         1.00 |
|  state_reg[4]_i_3_n_0  | U2/LCD_DATA0                 |                                |                1 |              4 |         4.00 |
|  state_reg[4]_i_3_n_0  | U2/znak[6]_i_1_n_0           | debouncer_inst/pulse_out       |                1 |              4 |         4.00 |
|  state_reg[4]_i_3_n_0  | U2/reset_cnt0                |                                |                1 |              4 |         4.00 |
|  state_reg[4]_i_3_n_0  | U2/next_command[4]_i_1_n_0   | debouncer_inst/pulse_out       |                1 |              5 |         5.00 |
|  state_reg[4]_i_3_n_0  | U2/state[4]_i_1_n_0          | debouncer_inst/pulse_out       |                3 |              5 |         1.67 |
|  state_reg[4]_i_3_n_0  | debouncer_inst/E[0]          |                                |                2 |              5 |         2.50 |
|  state_reg[4]_i_3_n_0  | U2/char_no[5]_i_1_n_0        | debouncer_inst/pulse_out       |                2 |              6 |         3.00 |
|  Clock100MHz_IBUF_BUFG |                              |                                |                3 |              6 |         2.00 |
|  state_reg[4]_i_3_n_0  | U2/LCD_DATA_VALUE[7]_i_1_n_0 | debouncer_inst/pulse_out       |                2 |              7 |         3.50 |
|  Clock100MHz_IBUF_BUFG |                              | debouncer_inst/pulse_out_reg_0 |                4 |             16 |         4.00 |
|  Clock100MHz_IBUF_BUFG |                              | debouncer_inst/clear           |                9 |             33 |         3.67 |
+------------------------+------------------------------+--------------------------------+------------------+----------------+--------------+


